// Jest Snapshot v1, https://goo.gl/fbAQLP

exports[`Migrator #migrate gas 1`] = `733075`;
